
Tabla de simbolos:
-------------
IDs           Tipo
----------    ----
i             integer
max           integer
sum           integer
